tic-tac-toe_n.txt: $ ./bayes tic-tac-toe_train.json tic-tac-toe_test.json n
tic-tac-toe_t.txt: $ ./bayes tic-tac-toe_train.json tic-tac-toe_test.json t
tic-tac-toe_sub_n.txt: $ ./bayes tic-tac-toe_sub_train.json tic-tac-toe_sub_test.json n
tic-tac-toe_sub_t.txt: $ ./bayes tic-tac-toe_sub_train.json tic-tac-toe_sub_test.json t
lymphography_n.txt: $ ./bayes lymphography_train.json lymphography_test.json n
lymphography_t.txt: $ ./bayes lymphography_train.json lymphography_test.json t
