top-left-square class
top-middle-square class
top-right-square class
middle-left-square class
middle-middle-square class
middle-right-square class
bottom-left-square class
bottom-middle-square class
bottom-right-square class

positive negative 0.742169086752
positive positive 0.873367195333
positive positive 0.803794972932
positive negative 0.633756047907
positive positive 0.600830110645
positive negative 0.659069322415
positive positive 0.811323466611
negative positive 0.500989368136
positive positive 0.879953390926
negative positive 0.527759036921
negative positive 0.663262353392
positive positive 0.760548028111
positive positive 0.891992456080
negative positive 0.501539526340
positive negative 0.634888754092
negative positive 0.517276558639
positive positive 0.954908774524
positive positive 0.716774982547
negative negative 0.766061874211
positive positive 0.709996819328
positive negative 0.715586828556
negative negative 0.728467779176
positive negative 0.798856628418
positive negative 0.585006490219
positive negative 0.739630204208
positive positive 0.853748963054
positive negative 0.611529056859
positive positive 0.796353531492
negative negative 0.654275130795
positive negative 0.692948237087
positive positive 0.886342655581
negative positive 0.511531564076
positive negative 0.821659980474
positive positive 0.827910548832
positive negative 0.758406208457
negative negative 0.677433133680
positive positive 0.655140830759
negative negative 0.518357980251
positive positive 0.608980008746
negative negative 0.704269436824
negative positive 0.637038617554
positive negative 0.650410356832
negative negative 0.523158334887
positive positive 0.925732427363
positive positive 0.935783427684
positive positive 0.626365821146
negative negative 0.571298835244
negative positive 0.580203341013
positive negative 0.718772700194
positive negative 0.736351009560
positive negative 0.629322618101
positive positive 0.917960073614
positive negative 0.612704005969
positive positive 0.766345915656
positive positive 0.866919831951
negative negative 0.778635042563
positive positive 0.755696704040
positive positive 0.596033278984
positive positive 0.782187299667
negative positive 0.573388694411
positive positive 0.716185627629
negative positive 0.508120420738
negative negative 0.633193300225
negative positive 0.740414204028
positive positive 0.716324171721
negative negative 0.842190507684
positive positive 0.926410750896
positive positive 0.615607260180
positive positive 0.791816136075
positive positive 0.937993463883
positive positive 0.873291782427
positive negative 0.503401498380
negative negative 0.638683495123
positive positive 0.807259336344
positive positive 0.646769926499
positive positive 0.801196822292
positive positive 0.774216719315
positive positive 0.955702307457
positive positive 0.508914973148
negative positive 0.507393627631
positive positive 0.506438574796
positive positive 0.792495711859
positive positive 0.850798878721
positive positive 0.916744396773
positive positive 0.582024176728
positive positive 0.808054807688
positive negative 0.719449172755
positive positive 0.635383210166
positive positive 0.889035343456
positive positive 0.676542016271
negative negative 0.508946919540
positive positive 0.879438360531
negative negative 0.840240457719
positive positive 0.857327449791
positive positive 0.813566878910
negative negative 0.826250735481
positive negative 0.711030870964
positive positive 0.703833227444
positive positive 0.585341050035
negative positive 0.748004278699
positive positive 0.817569662213
positive positive 0.955691615037
negative negative 0.667369287128
positive positive 0.781947135378
positive positive 0.595039070322
positive positive 0.812020866858
negative negative 0.566284635022
positive positive 0.641119420578
positive negative 0.741933718038
positive positive 0.788247544188
positive positive 0.723062317602
positive negative 0.756883045266
positive positive 0.897796029601
negative positive 0.527589134496
negative positive 0.591736609930
positive positive 0.873091523315
positive positive 0.561917670715
positive negative 0.700819308619
positive negative 0.810923536733
positive positive 0.766391131566
positive positive 0.880082579199
positive negative 0.803226543656
negative negative 0.851283461599
positive negative 0.639242618771
positive positive 0.655654096598
positive positive 0.903067481616
positive positive 0.956912088777
positive positive 0.888029027288
positive negative 0.583985579813
positive negative 0.729369089732
negative negative 0.588635401858
positive positive 0.708977412669
negative negative 0.658712832225
positive positive 0.725884545743
positive positive 0.847187501928
negative negative 0.662084356106
positive positive 0.935170145470
positive positive 0.875443608490
negative negative 0.658769602492
positive negative 0.660359317828
positive positive 0.867537995483
positive positive 0.811662962161
negative positive 0.602340521217
positive negative 0.666642974608
positive positive 0.781868176870
negative positive 0.523427988402
positive positive 0.733415868919
positive negative 0.596301214612
positive positive 0.763016790533
positive positive 0.953205508173
positive positive 0.938567232681
negative negative 0.846010446233
positive negative 0.819104552805
positive positive 0.520461101461
positive positive 0.527895196616
positive negative 0.775776278380
positive positive 0.918579630461
positive negative 0.721261370811
positive positive 0.645410968013
positive positive 0.926427965357
positive positive 0.635959938916
positive negative 0.705530785150
positive positive 0.872741688373
positive positive 0.594874792563
negative negative 0.737842757947
negative negative 0.641292410313
negative positive 0.657155379484
positive positive 0.686857015859
positive negative 0.662955244725
positive negative 0.799874102816
positive positive 0.809904392854
positive positive 0.575610501381
negative negative 0.654496120043
positive negative 0.640539827006
positive negative 0.737394289978
positive positive 0.684473002765
positive negative 0.745245482597
positive positive 0.840964500227
positive positive 0.738497890524
positive negative 0.610836389703
negative negative 0.639010044329
positive positive 0.548648394388
positive negative 0.646456930987
positive positive 0.547432440917
negative negative 0.830016159062
negative negative 0.829919957102
positive positive 0.862832363929
positive positive 0.825108828025
positive positive 0.767994480914
positive positive 0.810009324412
positive positive 0.549211098515
positive positive 0.810143692636

132

